[debug] [2026-09-29T17:30:21.534Z] ----------------------------------------------------------------------
[debug] [2026-09-29T17:30:21.535Z] Command:       /usr/local/bin/node /usr/local/bin/firebase init
[debug] [2026-09-29T17:30:21.535Z] CLI Version:   15.27.0
[debug] [2026-09-29T17:30:21.535Z] Platform:      darwin
[debug] [2026-09-29T17:30:21.535Z] Node Version:  v24.19.0
[debug] [2026-09-29T17:30:21.535Z] Detected Agent: unknown
[debug] [2026-09-29T17:30:21.536Z] Time:          Tue Sep 29 2026 12:30:21 GMT-0500 (Peru Standard Time)
[debug] [2026-09-29T17:30:21.536Z] ----------------------------------------------------------------------
[debug] 
[info] 
     ######## #### ########  ######## ########     ###     ######  ########
     ##        ##  ##     ## ##       ##     ##  ##   ##  ##       ##
     ######    ##  ########  ######   ########  #########  ######  ######
     ##        ##  ##    ##  ##       ##     ## ##     ##       ## ##
     ##       #### ##     ## ######## ########  ##     ##  ######  ########

You're about to initialize a Firebase project in this directory:

  /Users/pachon/Developer/inmotion-saas

[info] 
=== Project Setup
[info] 
[info] First, let's associate this project directory with a Firebase project.
[info] You can create multiple project aliases by running firebase use --add, 
[info] 
[debug] [2026-09-29T17:30:26.901Z] > command requires scopes: ["email","openid","https://www.googleapis.com/auth/cloudplatformprojects.readonly","https://www.googleapis.com/auth/firebase","https://www.googleapis.com/auth/cloud-platform"]
[debug] [2026-09-29T17:30:26.902Z] > authorizing via signed-in user (lbanonf@gmail.com)
[debug] [2026-09-29T17:30:26.912Z] Checked if tokens are valid: true, expires at: 1790706135610
[debug] [2026-09-29T17:30:26.912Z] Checked if tokens are valid: true, expires at: 1790706135610
[debug] [2026-09-29T17:30:26.913Z] >>> [apiv2][query] GET https://firebase.googleapis.com/v1beta1/projects/inmotion-4e5b1 [none]
[debug] [2026-09-29T17:30:27.592Z] <<< [apiv2][status] GET https://firebase.googleapis.com/v1beta1/projects/inmotion-4e5b1 200
[debug] [2026-09-29T17:30:27.592Z] <<< [apiv2][body] GET https://firebase.googleapis.com/v1beta1/projects/inmotion-4e5b1 {"projectId":"inmotion-4e5b1","projectNumber":"353839073295","displayName":"inmotion","name":"projects/inmotion-4e5b1","resources":{"hostingSite":"inmotion-4e5b1"},"state":"ACTIVE","labels":{"firebase":"enabled"},"etag":"1_ab74baa7-7b1b-442f-a070-98f4ed692b76"}
[info] i  Using project inmotion-4e5b1 (inmotion) . 
[info] 
=== App Hosting Setup
[debug] [2026-09-29T17:30:27.603Z] Checked if tokens are valid: true, expires at: 1790706135610
[debug] [2026-09-29T17:30:27.603Z] Checked if tokens are valid: true, expires at: 1790706135610
[debug] [2026-09-29T17:30:27.603Z] >>> [apiv2][query] GET https://cloudbilling.googleapis.com/v1/projects/inmotion-4e5b1/billingInfo [none]
[debug] [2026-09-29T17:30:27.604Z] >>> [apiv2][(partial)header] GET https://cloudbilling.googleapis.com/v1/projects/inmotion-4e5b1/billingInfo  x-goog-user-project=inmotion-4e5b1
[debug] [2026-09-29T17:30:29.169Z] <<< [apiv2][status] GET https://cloudbilling.googleapis.com/v1/projects/inmotion-4e5b1/billingInfo 200
[debug] [2026-09-29T17:30:29.169Z] <<< [apiv2][body] GET https://cloudbilling.googleapis.com/v1/projects/inmotion-4e5b1/billingInfo {"name":"projects/inmotion-4e5b1/billingInfo","projectId":"inmotion-4e5b1","billingAccountName":"billingAccounts/01D7D0-565AF0-716834","billingEnabled":true}
[debug] [2026-09-29T17:30:29.170Z] Checked if tokens are valid: true, expires at: 1790706135610
[debug] [2026-09-29T17:30:29.170Z] Checked if tokens are valid: true, expires at: 1790706135610
[debug] [2026-09-29T17:30:29.170Z] >>> [apiv2][query] GET https://serviceusage.googleapis.com/v1/projects/inmotion-4e5b1/services/firebaseapphosting.googleapis.com [none]
[debug] [2026-09-29T17:30:29.170Z] >>> [apiv2][(partial)header] GET https://serviceusage.googleapis.com/v1/projects/inmotion-4e5b1/services/firebaseapphosting.googleapis.com  x-goog-user-project=inmotion-4e5b1
[debug] [2026-09-29T17:30:30.528Z] <<< [apiv2][status] GET https://serviceusage.googleapis.com/v1/projects/inmotion-4e5b1/services/firebaseapphosting.googleapis.com 200
[debug] [2026-09-29T17:30:30.528Z] <<< [apiv2][body] GET https://serviceusage.googleapis.com/v1/projects/inmotion-4e5b1/services/firebaseapphosting.googleapis.com [omitted]
[debug] [2026-09-29T17:30:30.529Z] Checked if tokens are valid: true, expires at: 1790706135610
[debug] [2026-09-29T17:30:30.529Z] Checked if tokens are valid: true, expires at: 1790706135610
[debug] [2026-09-29T17:30:30.529Z] >>> [apiv2][query] POST https://serviceusage.googleapis.com/v1/projects/inmotion-4e5b1/services/firebaseapphosting.googleapis.com:enable [none]
[debug] [2026-09-29T17:30:30.529Z] >>> [apiv2][(partial)header] POST https://serviceusage.googleapis.com/v1/projects/inmotion-4e5b1/services/firebaseapphosting.googleapis.com:enable  x-goog-user-project=inmotion-4e5b1
[debug] [2026-09-29T17:30:31.478Z] <<< [apiv2][status] POST https://serviceusage.googleapis.com/v1/projects/inmotion-4e5b1/services/firebaseapphosting.googleapis.com:enable 200
[debug] [2026-09-29T17:30:31.478Z] <<< [apiv2][body] POST https://serviceusage.googleapis.com/v1/projects/inmotion-4e5b1/services/firebaseapphosting.googleapis.com:enable [omitted]
[debug] [2026-09-29T17:30:41.496Z] Checked if tokens are valid: true, expires at: 1790706135610
[debug] [2026-09-29T17:30:41.497Z] Checked if tokens are valid: true, expires at: 1790706135610
[debug] [2026-09-29T17:30:41.497Z] Checked if tokens are valid: true, expires at: 1790706135610
[debug] [2026-09-29T17:30:41.497Z] Checked if tokens are valid: true, expires at: 1790706135610
[debug] [2026-09-29T17:30:41.497Z] Checked if tokens are valid: true, expires at: 1790706135610
[debug] [2026-09-29T17:30:41.497Z] Checked if tokens are valid: true, expires at: 1790706135610
[debug] [2026-09-29T17:30:41.497Z] Checked if tokens are valid: true, expires at: 1790706135610
[debug] [2026-09-29T17:30:41.497Z] Checked if tokens are valid: true, expires at: 1790706135610
[debug] [2026-09-29T17:30:41.498Z] Checked if tokens are valid: true, expires at: 1790706135610
[debug] [2026-09-29T17:30:41.498Z] Checked if tokens are valid: true, expires at: 1790706135610
[debug] [2026-09-29T17:30:41.498Z] Checked if tokens are valid: true, expires at: 1790706135610
[debug] [2026-09-29T17:30:41.498Z] Checked if tokens are valid: true, expires at: 1790706135610
[debug] [2026-09-29T17:30:41.498Z] >>> [apiv2][query] GET https://serviceusage.googleapis.com/v1/projects/inmotion-4e5b1/services/developerconnect.googleapis.com [none]
[debug] [2026-09-29T17:30:41.498Z] >>> [apiv2][(partial)header] GET https://serviceusage.googleapis.com/v1/projects/inmotion-4e5b1/services/developerconnect.googleapis.com  x-goog-user-project=inmotion-4e5b1
[debug] [2026-09-29T17:30:41.499Z] >>> [apiv2][query] GET https://serviceusage.googleapis.com/v1/projects/inmotion-4e5b1/services/cloudbuild.googleapis.com [none]
[debug] [2026-09-29T17:30:41.500Z] >>> [apiv2][(partial)header] GET https://serviceusage.googleapis.com/v1/projects/inmotion-4e5b1/services/cloudbuild.googleapis.com  x-goog-user-project=inmotion-4e5b1
[debug] [2026-09-29T17:30:41.500Z] >>> [apiv2][query] GET https://serviceusage.googleapis.com/v1/projects/inmotion-4e5b1/services/secretmanager.googleapis.com [none]
[debug] [2026-09-29T17:30:41.500Z] >>> [apiv2][(partial)header] GET https://serviceusage.googleapis.com/v1/projects/inmotion-4e5b1/services/secretmanager.googleapis.com  x-goog-user-project=inmotion-4e5b1
[debug] [2026-09-29T17:30:41.501Z] >>> [apiv2][query] GET https://serviceusage.googleapis.com/v1/projects/inmotion-4e5b1/services/run.googleapis.com [none]
[debug] [2026-09-29T17:30:41.501Z] >>> [apiv2][(partial)header] GET https://serviceusage.googleapis.com/v1/projects/inmotion-4e5b1/services/run.googleapis.com  x-goog-user-project=inmotion-4e5b1
[debug] [2026-09-29T17:30:41.502Z] >>> [apiv2][query] GET https://serviceusage.googleapis.com/v1/projects/inmotion-4e5b1/services/artifactregistry.googleapis.com [none]
[debug] [2026-09-29T17:30:41.503Z] >>> [apiv2][(partial)header] GET https://serviceusage.googleapis.com/v1/projects/inmotion-4e5b1/services/artifactregistry.googleapis.com  x-goog-user-project=inmotion-4e5b1
[debug] [2026-09-29T17:30:41.504Z] >>> [apiv2][query] GET https://serviceusage.googleapis.com/v1/projects/inmotion-4e5b1/services/iam.googleapis.com [none]
[debug] [2026-09-29T17:30:41.504Z] >>> [apiv2][(partial)header] GET https://serviceusage.googleapis.com/v1/projects/inmotion-4e5b1/services/iam.googleapis.com  x-goog-user-project=inmotion-4e5b1
[debug] [2026-09-29T17:30:42.692Z] <<< [apiv2][status] GET https://serviceusage.googleapis.com/v1/projects/inmotion-4e5b1/services/iam.googleapis.com 200
[debug] [2026-09-29T17:30:42.692Z] <<< [apiv2][body] GET https://serviceusage.googleapis.com/v1/projects/inmotion-4e5b1/services/iam.googleapis.com [omitted]
[debug] [2026-09-29T17:30:42.770Z] <<< [apiv2][status] GET https://serviceusage.googleapis.com/v1/projects/inmotion-4e5b1/services/secretmanager.googleapis.com 200
[debug] [2026-09-29T17:30:42.770Z] <<< [apiv2][body] GET https://serviceusage.googleapis.com/v1/projects/inmotion-4e5b1/services/secretmanager.googleapis.com [omitted]
[debug] [2026-09-29T17:30:42.777Z] <<< [apiv2][status] GET https://serviceusage.googleapis.com/v1/projects/inmotion-4e5b1/services/run.googleapis.com 200
[debug] [2026-09-29T17:30:42.777Z] <<< [apiv2][body] GET https://serviceusage.googleapis.com/v1/projects/inmotion-4e5b1/services/run.googleapis.com [omitted]
[debug] [2026-09-29T17:30:42.785Z] <<< [apiv2][status] GET https://serviceusage.googleapis.com/v1/projects/inmotion-4e5b1/services/artifactregistry.googleapis.com 200
[debug] [2026-09-29T17:30:42.785Z] <<< [apiv2][body] GET https://serviceusage.googleapis.com/v1/projects/inmotion-4e5b1/services/artifactregistry.googleapis.com [omitted]
[debug] [2026-09-29T17:30:42.837Z] <<< [apiv2][status] GET https://serviceusage.googleapis.com/v1/projects/inmotion-4e5b1/services/cloudbuild.googleapis.com 200
[debug] [2026-09-29T17:30:42.837Z] <<< [apiv2][body] GET https://serviceusage.googleapis.com/v1/projects/inmotion-4e5b1/services/cloudbuild.googleapis.com [omitted]
[debug] [2026-09-29T17:30:43.058Z] <<< [apiv2][status] GET https://serviceusage.googleapis.com/v1/projects/inmotion-4e5b1/services/developerconnect.googleapis.com 200
[debug] [2026-09-29T17:30:43.058Z] <<< [apiv2][body] GET https://serviceusage.googleapis.com/v1/projects/inmotion-4e5b1/services/developerconnect.googleapis.com [omitted]
[debug] [2026-09-29T17:30:43.058Z] Checked if tokens are valid: true, expires at: 1790706135610
[debug] [2026-09-29T17:30:43.058Z] Checked if tokens are valid: true, expires at: 1790706135610
[debug] [2026-09-29T17:30:43.058Z] >>> [apiv2][query] POST https://serviceusage.googleapis.com/v1/projects/inmotion-4e5b1/services/developerconnect.googleapis.com:enable [none]
[debug] [2026-09-29T17:30:43.058Z] >>> [apiv2][(partial)header] POST https://serviceusage.googleapis.com/v1/projects/inmotion-4e5b1/services/developerconnect.googleapis.com:enable  x-goog-user-project=inmotion-4e5b1
[debug] [2026-09-29T17:30:44.844Z] <<< [apiv2][status] POST https://serviceusage.googleapis.com/v1/projects/inmotion-4e5b1/services/developerconnect.googleapis.com:enable 200
[debug] [2026-09-29T17:30:44.844Z] <<< [apiv2][body] POST https://serviceusage.googleapis.com/v1/projects/inmotion-4e5b1/services/developerconnect.googleapis.com:enable [omitted]
[debug] [2026-09-29T17:30:54.856Z] Checked if tokens are valid: true, expires at: 1790706135610
[debug] [2026-09-29T17:30:54.857Z] Checked if tokens are valid: true, expires at: 1790706135610
[debug] [2026-09-29T17:30:54.857Z] >>> [apiv2][query] POST https://iam.googleapis.com/v1/projects/inmotion-4e5b1/serviceAccounts/firebase-app-hosting-compute@inmotion-4e5b1.iam.gserviceaccount.com:testIamPermissions [none]
[debug] [2026-09-29T17:30:54.857Z] >>> [apiv2][(partial)header] POST https://iam.googleapis.com/v1/projects/inmotion-4e5b1/serviceAccounts/firebase-app-hosting-compute@inmotion-4e5b1.iam.gserviceaccount.com:testIamPermissions  x-goog-user-project=inmotion-4e5b1
[debug] [2026-09-29T17:30:54.857Z] >>> [apiv2][body] POST https://iam.googleapis.com/v1/projects/inmotion-4e5b1/serviceAccounts/firebase-app-hosting-compute@inmotion-4e5b1.iam.gserviceaccount.com:testIamPermissions {"permissions":["iam.serviceAccounts.actAs"]}
[debug] [2026-09-29T17:30:56.125Z] <<< [apiv2][status] POST https://iam.googleapis.com/v1/projects/inmotion-4e5b1/serviceAccounts/firebase-app-hosting-compute@inmotion-4e5b1.iam.gserviceaccount.com:testIamPermissions 404
[debug] [2026-09-29T17:30:56.125Z] <<< [apiv2][body] POST https://iam.googleapis.com/v1/projects/inmotion-4e5b1/serviceAccounts/firebase-app-hosting-compute@inmotion-4e5b1.iam.gserviceaccount.com:testIamPermissions {"error":{"code":404,"message":"Unknown service account","status":"NOT_FOUND"}}
[debug] [2026-09-29T17:30:56.127Z] Checked if tokens are valid: true, expires at: 1790706135610
[debug] [2026-09-29T17:30:56.127Z] Checked if tokens are valid: true, expires at: 1790706135610
[debug] [2026-09-29T17:30:56.127Z] >>> [apiv2][query] POST https://iam.googleapis.com/v1/projects/inmotion-4e5b1/serviceAccounts [none]
[debug] [2026-09-29T17:30:56.127Z] >>> [apiv2][body] POST https://iam.googleapis.com/v1/projects/inmotion-4e5b1/serviceAccounts {"accountId":"firebase-app-hosting-compute","serviceAccount":{"displayName":"Firebase App Hosting compute service account","description":"Default service account used to run builds and deploys for Firebase App Hosting"}}
[debug] [2026-09-29T17:30:56.875Z] <<< [apiv2][status] POST https://iam.googleapis.com/v1/projects/inmotion-4e5b1/serviceAccounts 200
[debug] [2026-09-29T17:30:56.875Z] <<< [apiv2][body] POST https://iam.googleapis.com/v1/projects/inmotion-4e5b1/serviceAccounts [omitted]
[debug] [2026-09-29T17:30:56.875Z] Checked if tokens are valid: true, expires at: 1790706135610
[debug] [2026-09-29T17:30:56.875Z] Checked if tokens are valid: true, expires at: 1790706135610
[debug] [2026-09-29T17:30:56.875Z] >>> [apiv2][query] POST https://cloudresourcemanager.googleapis.com/v1/projects/inmotion-4e5b1:getIamPolicy [none]
[debug] [2026-09-29T17:30:57.390Z] <<< [apiv2][status] POST https://cloudresourcemanager.googleapis.com/v1/projects/inmotion-4e5b1:getIamPolicy 200
[debug] [2026-09-29T17:30:57.390Z] <<< [apiv2][body] POST https://cloudresourcemanager.googleapis.com/v1/projects/inmotion-4e5b1:getIamPolicy {"version":1,"etag":"BwZcoop3J9U=","bindings":[{"role":"roles/cloudbuild.builds.builder","members":["serviceAccount:353839073295@cloudbuild.gserviceaccount.com"]},{"role":"roles/cloudbuild.serviceAgent","members":["serviceAccount:service-353839073295@gcp-sa-cloudbuild.iam.gserviceaccount.com"]},{"role":"roles/containerregistry.ServiceAgent","members":["serviceAccount:service-353839073295@containerregistry.iam.gserviceaccount.com"]},{"role":"roles/editor","members":["serviceAccount:353839073295-compute@developer.gserviceaccount.com"]},{"role":"roles/firebase.managementServiceAgent","members":["serviceAccount:service-353839073295@gcp-sa-firebase.iam.gserviceaccount.com"]},{"role":"roles/firebase.sdkAdminServiceAgent","members":["serviceAccount:firebase-adminsdk-fbsvc@inmotion-4e5b1.iam.gserviceaccount.com"]},{"role":"roles/firebaserules.system","members":["serviceAccount:service-353839073295@firebase-rules.iam.gserviceaccount.com"]},{"role":"roles/firestore.serviceAgent","members":["serviceAccount:service-353839073295@gcp-sa-firestore.iam.gserviceaccount.com"]},{"role":"roles/iam.serviceAccountTokenCreator","members":["serviceAccount:firebase-adminsdk-fbsvc@inmotion-4e5b1.iam.gserviceaccount.com"]},{"role":"roles/owner","members":["user:lbanonf@gmail.com"]},{"role":"roles/run.serviceAgent","members":["serviceAccount:service-353839073295@serverless-robot-prod.iam.gserviceaccount.com"]}]}
[debug] [2026-09-29T17:30:57.390Z] Checked if tokens are valid: true, expires at: 1790706135610
[debug] [2026-09-29T17:30:57.390Z] Checked if tokens are valid: true, expires at: 1790706135610
[debug] [2026-09-29T17:30:57.390Z] >>> [apiv2][query] POST https://cloudresourcemanager.googleapis.com/v1/projects/inmotion-4e5b1:setIamPolicy [none]
[debug] [2026-09-29T17:30:57.390Z] >>> [apiv2][body] POST https://cloudresourcemanager.googleapis.com/v1/projects/inmotion-4e5b1:setIamPolicy {"policy":{"version":1,"etag":"BwZcoop3J9U=","bindings":[{"role":"roles/cloudbuild.builds.builder","members":["serviceAccount:353839073295@cloudbuild.gserviceaccount.com"]},{"role":"roles/cloudbuild.serviceAgent","members":["serviceAccount:service-353839073295@gcp-sa-cloudbuild.iam.gserviceaccount.com"]},{"role":"roles/containerregistry.ServiceAgent","members":["serviceAccount:service-353839073295@containerregistry.iam.gserviceaccount.com"]},{"role":"roles/editor","members":["serviceAccount:353839073295-compute@developer.gserviceaccount.com"]},{"role":"roles/firebase.managementServiceAgent","members":["serviceAccount:service-353839073295@gcp-sa-firebase.iam.gserviceaccount.com"]},{"role":"roles/firebase.sdkAdminServiceAgent","members":["serviceAccount:firebase-adminsdk-fbsvc@inmotion-4e5b1.iam.gserviceaccount.com","serviceAccount:firebase-app-hosting-compute@inmotion-4e5b1.iam.gserviceaccount.com"]},{"role":"roles/firebaserules.system","members":["serviceAccount:service-353839073295@firebase-rules.iam.gserviceaccount.com"]},{"role":"roles/firestore.serviceAgent","members":["serviceAccount:service-353839073295@gcp-sa-firestore.iam.gserviceaccount.com"]},{"role":"roles/iam.serviceAccountTokenCreator","members":["serviceAccount:firebase-adminsdk-fbsvc@inmotion-4e5b1.iam.gserviceaccount.com"]},{"role":"roles/owner","members":["user:lbanonf@gmail.com"]},{"role":"roles/run.serviceAgent","members":["serviceAccount:service-353839073295@serverless-robot-prod.iam.gserviceaccount.com"]},{"role":"roles/firebaseapphosting.computeRunner","members":["serviceAccount:firebase-app-hosting-compute@inmotion-4e5b1.iam.gserviceaccount.com"]},{"role":"roles/developerconnect.readTokenAccessor","members":["serviceAccount:firebase-app-hosting-compute@inmotion-4e5b1.iam.gserviceaccount.com"]},{"role":"roles/storage.objectViewer","members":["serviceAccount:firebase-app-hosting-compute@inmotion-4e5b1.iam.gserviceaccount.com"]}]},"updateMask":"bindings"}
[debug] [2026-09-29T17:30:58.706Z] <<< [apiv2][status] POST https://cloudresourcemanager.googleapis.com/v1/projects/inmotion-4e5b1:setIamPolicy 200
[debug] [2026-09-29T17:30:58.707Z] <<< [apiv2][body] POST https://cloudresourcemanager.googleapis.com/v1/projects/inmotion-4e5b1:setIamPolicy {"version":1,"etag":"BwZcoou1LP0=","bindings":[{"role":"roles/cloudbuild.builds.builder","members":["serviceAccount:353839073295@cloudbuild.gserviceaccount.com"]},{"role":"roles/cloudbuild.serviceAgent","members":["serviceAccount:service-353839073295@gcp-sa-cloudbuild.iam.gserviceaccount.com"]},{"role":"roles/containerregistry.ServiceAgent","members":["serviceAccount:service-353839073295@containerregistry.iam.gserviceaccount.com"]},{"role":"roles/developerconnect.readTokenAccessor","members":["serviceAccount:firebase-app-hosting-compute@inmotion-4e5b1.iam.gserviceaccount.com"]},{"role":"roles/editor","members":["serviceAccount:353839073295-compute@developer.gserviceaccount.com"]},{"role":"roles/firebase.managementServiceAgent","members":["serviceAccount:service-353839073295@gcp-sa-firebase.iam.gserviceaccount.com"]},{"role":"roles/firebase.sdkAdminServiceAgent","members":["serviceAccount:firebase-adminsdk-fbsvc@inmotion-4e5b1.iam.gserviceaccount.com","serviceAccount:firebase-app-hosting-compute@inmotion-4e5b1.iam.gserviceaccount.com"]},{"role":"roles/firebaseapphosting.computeRunner","members":["serviceAccount:firebase-app-hosting-compute@inmotion-4e5b1.iam.gserviceaccount.com"]},{"role":"roles/firebaserules.system","members":["serviceAccount:service-353839073295@firebase-rules.iam.gserviceaccount.com"]},{"role":"roles/firestore.serviceAgent","members":["serviceAccount:service-353839073295@gcp-sa-firestore.iam.gserviceaccount.com"]},{"role":"roles/iam.serviceAccountTokenCreator","members":["serviceAccount:firebase-adminsdk-fbsvc@inmotion-4e5b1.iam.gserviceaccount.com"]},{"role":"roles/owner","members":["user:lbanonf@gmail.com"]},{"role":"roles/run.serviceAgent","members":["serviceAccount:service-353839073295@serverless-robot-prod.iam.gserviceaccount.com"]},{"role":"roles/storage.objectViewer","members":["serviceAccount:firebase-app-hosting-compute@inmotion-4e5b1.iam.gserviceaccount.com"]}]}
[info] i  This command links your local project to Firebase App Hosting. You will be able to deploy your web app with `firebase deploy` after setup. 
[debug] [2026-09-29T18:06:25.833Z] ExitPromptError: User force closed the prompt with SIGINT
    at Interface.sigint (/usr/local/lib/node_modules/firebase-tools/node_modules/@inquirer/core/dist/commonjs/lib/create-prompt.js:101:37)
    at Interface.emit (node:events:509:28)
    at [_ttyWrite] [as _ttyWrite] (node:internal/readline/interface:1327:18)
    at ReadStream.onkeypress (node:internal/readline/interface:284:20)
    at ReadStream.emit (node:events:521:24)
    at emitKeys (node:internal/readline/utils:371:14)
    at emitKeys.next (<anonymous>)
    at ReadStream.onData (node:internal/readline/emitKeypressEvents:64:36)
    at ReadStream.emit (node:events:509:28)
    at addChunk (node:internal/streams/readable:563:12)
[error] 
[error] Error: An unexpected error has occurred.
